CCS PCM C Compiler, Version 5.015, 5967               09-nov.-24 11:55

               Filename:   C:\Users\USUARIO\Desktop\LENGUAJE C\PIC C COMPILER\PARPADEO LED EN PIC C COMPILER\PARPADEO LED.lst

               ROM used:   57 words (1%)
                           Largest free fragment is 2048
               RAM used:   6 (2%) at main() level
                           7 (2%) worst case
               Stack used: 1 locations
               Stack size: 8

*
0000:  MOVLW  00
0001:  MOVWF  0A
0002:  GOTO   019
0003:  NOP
.................... /* 
....................   Autor: Calle C.Rodrigo 
....................   Materia: Auxiliatura de ELT3822 
....................   Programa de iniciación al lenguaje C con PIC C Compiler 
....................   Ejemplo 1: Encender un led utilizando registros 
.................... */ 
.................... #include <16f877a.h>   //Librería para poder utilizar instrucciones necesarias para controlar al microcontrolador 
.................... //////////// Standard Header file for the PIC16F877A device //////////////// 
.................... /////////////////////////////////////////////////////////////////////////// 
.................... ////        (C) Copyright 1996, 2013 Custom Computer Services          //// 
.................... //// This source code may only be used by licensed users of the CCS C  //// 
.................... //// compiler.  This source code may only be distributed to other      //// 
.................... //// licensed users of the CCS C compiler.  No other use, reproduction //// 
.................... //// or distribution is permitted without written permission.          //// 
.................... //// Derivative programs created using this software in object code    //// 
.................... //// form are not restricted in any way.                               //// 
.................... /////////////////////////////////////////////////////////////////////////// 
.................... #device PIC16F877A 
....................  
.................... #list 
....................  
.................... #fuses xt,nowdt,put,noprotect,nolvp //Directivas para configurar fusibles del microcontrolador 
.................... #use delay(clock=4000000) // Directiva para definir la frecuencia del cristal 
0004:  MOVLW  22
0005:  MOVWF  04
0006:  BCF    03.7
0007:  MOVF   00,W
0008:  BTFSC  03.2
0009:  GOTO   018
000A:  MOVLW  01
000B:  MOVWF  78
000C:  CLRF   77
000D:  DECFSZ 77,F
000E:  GOTO   00D
000F:  DECFSZ 78,F
0010:  GOTO   00C
0011:  MOVLW  4A
0012:  MOVWF  77
0013:  DECFSZ 77,F
0014:  GOTO   013
0015:  GOTO   016
0016:  DECFSZ 00,F
0017:  GOTO   00A
0018:  RETURN
.................... #byte TRISC = 0X87     //Directiva para definir TRISC en su posición correspondiente en la ram 
.................... #byte PORTC = 0X07     //Directiva para definir PORTC en su posición correspondiente en la ram 
.................... //Función principal 
.................... void main(){ 
0019:  MOVF   03,W
001A:  ANDLW  1F
001B:  MOVWF  03
001C:  BSF    03.5
001D:  BSF    1F.0
001E:  BSF    1F.1
001F:  BSF    1F.2
0020:  BCF    1F.3
0021:  MOVLW  07
0022:  MOVWF  1C
0023:  BCF    03.7
....................  TRISC=0X00;   //Configuramos todo el puerto C como salida 
0024:  CLRF   07
....................  PORTC=0X00;   //Limpiamos el puerto C 
0025:  BCF    03.5
0026:  CLRF   07
....................  while(true){  //Bucle while infinito, a qui las instrucciones principales se ejecutaran de forma ciclica. 
....................   bit_set(PORTC,0);  //Instrucción para activar un bit (1 lógico) 
0027:  BSF    07.0
....................   delay_ms(1000);    //Instrucción para realizar un retardo de 1 segundo 
0028:  MOVLW  04
0029:  MOVWF  21
002A:  MOVLW  FA
002B:  MOVWF  22
002C:  CALL   004
002D:  DECFSZ 21,F
002E:  GOTO   02A
....................   bit_clear(PORTC,0);//Instrucción para desactivar un bit (0 lógico) 
002F:  BCF    07.0
....................   delay_ms(1000);    //Instrucción para realizar un retardo de 1 segundo 
0030:  MOVLW  04
0031:  MOVWF  21
0032:  MOVLW  FA
0033:  MOVWF  22
0034:  CALL   004
0035:  DECFSZ 21,F
0036:  GOTO   032
0037:  GOTO   027
....................  } 
.................... } 
0038:  SLEEP

Configuration Fuses:
   Word  1: 3F71   XT NOWDT PUT BROWNOUT NOLVP NOCPD NOWRT NODEBUG NOPROTECT
